[36mvite v8.0.3 [32mbuilding client environment for production...[36m[39m
[2K
transforming...✓ 2217 modules transformed.
node.exe : [31m✗[39m Build failed in 391ms
At line:1 char:1
+ & "C:\Program Files\nodejs/node.exe" "C:\Program Files\nodejs/node_mo ...
+ ~~~~~~~~~~~~~~~~~~~~~~~~~~~~~~~~~~~~~~~~~~~~~~~~~~~~~~~~~~~~~~~~~~~~~
    + CategoryInfo          : NotSpecified: ([31m✗[39m Build failed in 391ms:String) [], RemoteException
    + FullyQualifiedErrorId : NativeCommandError
 
[31merror during build:
[31mBuild failed with 1 error:

[31m[builtin:vite-transform] Error:[0m Unexpected token
     [38;5;246m╭[0m[38;5;246m─[0m[38;5;246m[[0m src/pages/AdminDashboard.jsx:386:14 [38;5;246m][0m
     [38;5;246m│[0m
 [38;5;246m386 │[0m [38;5;249m [0m[38;5;249m [0m[38;5;249m [0m[38;5;249m [0m[38;5;249m [0m[38;5;249m 
[0m[38;5;249m [0m[38;5;249m [0m[38;5;249m [0m[38;5;249m [0m[38;5;249m [0m[38;5;249m 
[0m[38;5;249m<[0m/[38;5;249mm[0m[38;5;249ma[0m[38;5;249mi[0m[38;5;249mn[0m[38;5;249m>[0m
 [38;5;240m    │[0m              ┬  
 [38;5;240m    │[0m              ╰── 
[38;5;246m─────╯[0m
[31m
    at aggregateBindingErrorsIntoJsError (file:///C:/Users/Forgeindiaconnect/Downloads/Main-Project/Appointment-Schedul
ing-System/client/node_modules/rolldown/dist/shared/error-BLhcSyeg.mjs:48:18)
    at unwrapBindingResult (file:///C:/Users/Forgeindiaconnect/Downloads/Main-Project/Appointment-Scheduling-System/cli
ent/node_modules/rolldown/dist/shared/error-BLhcSyeg.mjs:18:128)
    at #build (file:///C:/Users/Forgeindiaconnect/Downloads/Main-Project/Appointment-Scheduling-System/client/node_modu
les/rolldown/dist/shared/rolldown-build-CPrIX9V6.mjs:3313:34)
    at async buildEnvironment (file:///C:/Users/Forgeindiaconnect/Downloads/Main-Project/Appointment-Scheduling-System/
client/node_modules/vite/dist/node/chunks/node.js:32849:64)
    at async Object.build (file:///C:/Users/Forgeindiaconnect/Downloads/Main-Project/Appointment-Scheduling-System/clie
nt/node_modules/vite/dist/node/chunks/node.js:33271:19)
    at async Object.buildApp (file:///C:/Users/Forgeindiaconnect/Downloads/Main-Project/Appointment-Scheduling-System/c
lient/node_modules/vite/dist/node/chunks/node.js:33268:153)
    at async CAC.<anonymous> (file:///C:/Users/Forgeindiaconnect/Downloads/Main-Project/Appointment-Scheduling-System/c
lient/node_modules/vite/dist/node/cli.js:778:3) {
  errors: [Getter/Setter]
}[39m
